// Vitest Snapshot v1, https://vitest.dev/guide/snapshot.html

exports[`DataBuffers > Properly generates documentation for modules which contain data buffers (or ArrayBuffers in JS/TS) > # Of Files Generated 1`] = `4`;

exports[`DataBuffers > Properly generates documentation for modules which contain data buffers (or ArrayBuffers in JS/TS) > msdocs/scriptapi/TOC.yml 1`] = `
"  - name: data-buffer-module
    items:
    - name: data-buffer-module
      href: data-buffer-module/data-buffer-module.md
    - name: ExampleClass
      href: data-buffer-module/ExampleClass.md
"
`;

exports[`DataBuffers > Properly generates documentation for modules which contain data buffers (or ArrayBuffers in JS/TS) > msdocs/scriptapi/data-buffer-module/ExampleClass.md 1`] = `
"---
# DO NOT TOUCH — This file was automatically generated by @minecraft/api-docs-generator, to report problems file an issue at https://github.com/Mojang/minecraft-scripting-libraries
author: jakeshirley
ms.author: jashir
ms.service: minecraft-bedrock-edition
ms.date: 02/10/2025
title: data-buffer-module.ExampleClass Class
description: Contents of the data-buffer-module.ExampleClass class.
---
# ExampleClass Class

## Properties

### **doubleDataBufferProperty**
\`doubleDataBufferProperty: Float64Array;\`

Type: [Float64Array](https://developer.mozilla.org/en-US/docs/Web/JavaScript/Reference/Global_Objects/Float64Array)

Notes:
  - This property can't be used in read-only mode.

### **floatDataBufferProperty**
\`floatDataBufferProperty: Float32Array;\`

Type: [Float32Array](https://developer.mozilla.org/en-US/docs/Web/JavaScript/Reference/Global_Objects/Float32Array)

Notes:
  - This property can't be used in read-only mode.

### **int16DataBufferProperty**
\`int16DataBufferProperty: Int16Array;\`

Type: [Int16Array](https://developer.mozilla.org/en-US/docs/Web/JavaScript/Reference/Global_Objects/Int16Array)

Notes:
  - This property can't be used in read-only mode.

### **int32DataBufferProperty**
\`int32DataBufferProperty: Int32Array;\`

Type: [Int32Array](https://developer.mozilla.org/en-US/docs/Web/JavaScript/Reference/Global_Objects/Int32Array)

Notes:
  - This property can't be used in read-only mode.

### **int64DataBufferProperty**
\`int64DataBufferProperty: BigInt64Array;\`

Type: [BigInt64Array](https://developer.mozilla.org/en-US/docs/Web/JavaScript/Reference/Global_Objects/BigInt64Array)

Notes:
  - This property can't be used in read-only mode.

### **int8DataBufferProperty**
\`int8DataBufferProperty: Uint8Array;\`

Type: [Uint8Array](https://developer.mozilla.org/en-US/docs/Web/JavaScript/Reference/Global_Objects/Uint8Array)

Notes:
  - This property can't be used in read-only mode.

### **uint16DataBufferProperty**
\`uint16DataBufferProperty: Uint16Array;\`

Type: [Uint16Array](https://developer.mozilla.org/en-US/docs/Web/JavaScript/Reference/Global_Objects/Uint16Array)

Notes:
  - This property can't be used in read-only mode.

### **uint32DataBufferProperty**
\`uint32DataBufferProperty: Uint32Array;\`

Type: [Uint32Array](https://developer.mozilla.org/en-US/docs/Web/JavaScript/Reference/Global_Objects/Uint32Array)

Notes:
  - This property can't be used in read-only mode.

### **uint64DataBufferProperty**
\`uint64DataBufferProperty: BigUint64Array;\`

Type: [BigUint64Array](https://developer.mozilla.org/en-US/docs/Web/JavaScript/Reference/Global_Objects/BigUint64Array)

Notes:
  - This property can't be used in read-only mode.

### **uint8DataBufferProperty**
\`uint8DataBufferProperty: Uint8Array;\`

Type: [Uint8Array](https://developer.mozilla.org/en-US/docs/Web/JavaScript/Reference/Global_Objects/Uint8Array)

Notes:
  - This property can't be used in read-only mode.
"
`;

exports[`DataBuffers > Properly generates documentation for modules which contain data buffers (or ArrayBuffers in JS/TS) > msdocs/scriptapi/data-buffer-module/data-buffer-module.md 1`] = `
"---
# DO NOT TOUCH — This file was automatically generated by @minecraft/api-docs-generator, to report problems file an issue at https://github.com/Mojang/minecraft-scripting-libraries
author: jakeshirley
ms.author: jashir
ms.service: minecraft-bedrock-edition
ms.date: 02/10/2025
title: data-buffer-module Module
description: Contents of the data-buffer-module module
---
# \`data-buffer-module\` Module

## Manifest Details
\`\`\`json
{
    "module_name": "data-buffer-module",
    "version": "1.0.0"
}
\`\`\`
This is version 1.x.x of this module, which is the latest as of version 1.0.0 of Minecraft.

## Available Versions
- \`1.0.0\`

## Classes
- [ExampleClass](ExampleClass.md)
"
`;

exports[`DataBuffers > Properly generates documentation for modules which contain data buffers (or ArrayBuffers in JS/TS) > typescript/data-buffer-module@1.0.0.d.ts 1`] = `
"// Type definitions for Minecraft Bedrock Edition script APIs
// Project: https://docs.microsoft.com/minecraft/creator/
// Definitions by: Jake Shirley <https://github.com/JakeShirley>
//                 Mike Ammerlaan <https://github.com/mammerla>

/* *****************************************************************************
   Copyright (c) Microsoft Corporation.
   ***************************************************************************** */
/**
 * @packageDocumentation
 *
 * Manifest Details
 * \`\`\`json
 * {
 *   "module_name": "data-buffer-module",
 *   "version": "1.0.0"
 * }
 * \`\`\`
 *
 */
export class ExampleClass {
    private constructor();
    /**
     * @remarks
     * This property can't be used in read-only mode.
     *
     */
    doubleDataBufferProperty: Float64Array;
    /**
     * @remarks
     * This property can't be used in read-only mode.
     *
     */
    floatDataBufferProperty: Float32Array;
    /**
     * @remarks
     * This property can't be used in read-only mode.
     *
     */
    int16DataBufferProperty: Int16Array;
    /**
     * @remarks
     * This property can't be used in read-only mode.
     *
     */
    int32DataBufferProperty: Int32Array;
    /**
     * @remarks
     * This property can't be used in read-only mode.
     *
     */
    int64DataBufferProperty: BigInt64Array;
    /**
     * @remarks
     * This property can't be used in read-only mode.
     *
     */
    int8DataBufferProperty: Uint8Array;
    /**
     * @remarks
     * This property can't be used in read-only mode.
     *
     */
    uint16DataBufferProperty: Uint16Array;
    /**
     * @remarks
     * This property can't be used in read-only mode.
     *
     */
    uint32DataBufferProperty: Uint32Array;
    /**
     * @remarks
     * This property can't be used in read-only mode.
     *
     */
    uint64DataBufferProperty: BigUint64Array;
    /**
     * @remarks
     * This property can't be used in read-only mode.
     *
     */
    uint8DataBufferProperty: Uint8Array;
}
"
`;
