// Vitest Snapshot v1, https://vitest.dev/guide/snapshot.html

exports[`Static Functions > Properly generates documentation for modules with static functions > # Of Files Generated 1`] = `4`;

exports[`Static Functions > Properly generates documentation for modules with static functions > msdocs/scriptapi/TOC.yml 1`] = `
"  - name: static-function-module
    items:
    - name: static-function-module
      href: static-function-module/static-function-module.md
    - name: ClassWithStaticFunction
      href: static-function-module/ClassWithStaticFunction.md
"
`;

exports[`Static Functions > Properly generates documentation for modules with static functions > msdocs/scriptapi/static-function-module/ClassWithStaticFunction.md 1`] = `
"---
# DO NOT TOUCH — This file was automatically generated by @minecraft/api-docs-generator, to report problems file an issue at https://github.com/Mojang/minecraft-scripting-libraries
author: jakeshirley
ms.author: jashir
ms.service: minecraft-bedrock-edition
ms.date: 02/10/2025
title: static-function-module.ClassWithStaticFunction Class
description: Contents of the static-function-module.ClassWithStaticFunction class.
---
# ClassWithStaticFunction Class

## Methods
- [bbbExampleMemberFunction](#bbbexamplememberfunction)
- [dddExampleMemberFunction](#dddexamplememberfunction)
- [aaaExampleStaticFunction](#aaaexamplestaticfunction)
- [cccExampleStaticFunction](#cccexamplestaticfunction)

### **bbbExampleMemberFunction**
\`
bbbExampleMemberFunction(): string
\`

**Returns** *string*
  
Notes:
- This function can't be called in read-only mode.

### **dddExampleMemberFunction**
\`
dddExampleMemberFunction(): string
\`

**Returns** *string*
  
Notes:
- This function can't be called in read-only mode.

### **aaaExampleStaticFunction**
\`
static aaaExampleStaticFunction(): string
\`

**Returns** *string*
  
Notes:
- This function can't be called in read-only mode.

### **cccExampleStaticFunction**
\`
static cccExampleStaticFunction(): string
\`

**Returns** *string*
  
Notes:
- This function can't be called in read-only mode.
"
`;

exports[`Static Functions > Properly generates documentation for modules with static functions > msdocs/scriptapi/static-function-module/static-function-module.md 1`] = `
"---
# DO NOT TOUCH — This file was automatically generated by @minecraft/api-docs-generator, to report problems file an issue at https://github.com/Mojang/minecraft-scripting-libraries
author: jakeshirley
ms.author: jashir
ms.service: minecraft-bedrock-edition
ms.date: 02/10/2025
title: static-function-module Module
description: Contents of the static-function-module module
---
# \`static-function-module\` Module

## Manifest Details
\`\`\`json
{
    "module_name": "static-function-module",
    "version": "1.0.0"
}
\`\`\`
This is version 1.x.x of this module, which is the latest as of version 1.0.0 of Minecraft.

## Available Versions
- \`1.0.0\`

## Classes
- [ClassWithStaticFunction](ClassWithStaticFunction.md)
"
`;

exports[`Static Functions > Properly generates documentation for modules with static functions > typescript/static-function-module@1.0.0.d.ts 1`] = `
"// Type definitions for Minecraft Bedrock Edition script APIs
// Project: https://docs.microsoft.com/minecraft/creator/
// Definitions by: Jake Shirley <https://github.com/JakeShirley>
//                 Mike Ammerlaan <https://github.com/mammerla>

/* *****************************************************************************
   Copyright (c) Microsoft Corporation.
   ***************************************************************************** */
/**
 * @packageDocumentation
 *
 * Manifest Details
 * \`\`\`json
 * {
 *   "module_name": "static-function-module",
 *   "version": "1.0.0"
 * }
 * \`\`\`
 *
 */
export class ClassWithStaticFunction {
    private constructor();
    /**
     * @remarks
     * This function can't be called in read-only mode.
     *
     */
    bbbExampleMemberFunction(): string;
    /**
     * @remarks
     * This function can't be called in read-only mode.
     *
     */
    dddExampleMemberFunction(): string;
    /**
     * @remarks
     * This function can't be called in read-only mode.
     *
     */
    static aaaExampleStaticFunction(): string;
    /**
     * @remarks
     * This function can't be called in read-only mode.
     *
     */
    static cccExampleStaticFunction(): string;
}
"
`;
