// Vitest Snapshot v1, https://vitest.dev/guide/snapshot.html

exports[`Closures > Generates correct output closures > # Of Files Generated 1`] = `4`;

exports[`Closures > Generates correct output closures > msdocs/scriptapi/TOC.yml 1`] = `
"  - name: closure-tests
    items:
    - name: closure-tests
      href: closure-tests/closure-tests.md
    - name: ExampleClass
      href: closure-tests/ExampleClass.md
"
`;

exports[`Closures > Generates correct output closures > msdocs/scriptapi/closure-tests/ExampleClass.md 1`] = `
"---
# DO NOT TOUCH — This file was automatically generated by @minecraft/api-docs-generator, to report problems file an issue at https://github.com/Mojang/minecraft-scripting-libraries
author: jakeshirley
ms.author: jashir
ms.service: minecraft-bedrock-edition
ms.date: 02/10/2025
title: closure-tests.ExampleClass Class
description: Contents of the closure-tests.ExampleClass class.
---
# ExampleClass Class

## Properties

### **closureWithVariantArg**
\`read-only closureWithVariantArg?: (arg0: boolean | number) => void;\`

Type: (arg0: *boolean* | *number*) => *void*

## Methods
- [constructor](#constructor)
- [methodWithMultiArgClosure](#methodwithmultiargclosure)

### **constructor**
\`
new ExampleClass(onChange?: (arg0: boolean | number) => void)
\`

#### **Parameters**
- **onChange**?: (arg0: *boolean* | *number*) => *void* = \`null\`

**Returns** [*ExampleClass*](ExampleClass.md)

### **methodWithMultiArgClosure**
\`
methodWithMultiArgClosure(callback?: (arg0: boolean, arg1: number) => void): ExampleClass
\`

#### **Parameters**
- **callback**?: (arg0: *boolean*, arg1: *number*) => *void* = \`null\`

**Returns** [*ExampleClass*](ExampleClass.md)
"
`;

exports[`Closures > Generates correct output closures > msdocs/scriptapi/closure-tests/closure-tests.md 1`] = `
"---
# DO NOT TOUCH — This file was automatically generated by @minecraft/api-docs-generator, to report problems file an issue at https://github.com/Mojang/minecraft-scripting-libraries
author: jakeshirley
ms.author: jashir
ms.service: minecraft-bedrock-edition
ms.date: 02/10/2025
title: closure-tests Module
description: Contents of the closure-tests module
---
# \`closure-tests\` Module

## Manifest Details
\`\`\`json
{
    "module_name": "closure-tests",
    "version": "1.0.0"
}
\`\`\`
This is version 1.x.x of this module, which is the latest as of version 1.0.0 of Minecraft.

## Available Versions
- \`1.0.0\`

## Classes
- [ExampleClass](ExampleClass.md)
"
`;

exports[`Closures > Generates correct output closures > typescript/closure-tests@1.0.0.d.ts 1`] = `
"// Type definitions for Minecraft Bedrock Edition script APIs
// Project: https://docs.microsoft.com/minecraft/creator/
// Definitions by: Jake Shirley <https://github.com/JakeShirley>
//                 Mike Ammerlaan <https://github.com/mammerla>

/* *****************************************************************************
   Copyright (c) Microsoft Corporation.
   ***************************************************************************** */
/**
 * @packageDocumentation
 *
 * Manifest Details
 * \`\`\`json
 * {
 *   "module_name": "closure-tests",
 *   "version": "1.0.0"
 * }
 * \`\`\`
 *
 */
export class ExampleClass {
    readonly closureWithVariantArg?: (arg0: boolean | number) => void;
    constructor(onChange?: (arg0: boolean | number) => void);
    methodWithMultiArgClosure(callback?: (arg0: boolean, arg1: number) => void): ExampleClass;
}
"
`;
