// Vitest Snapshot v1, https://vitest.dev/guide/snapshot.html

exports[`Array of Variants > Generates correct output for array of variants > # Of Files Generated 1`] = `4`;

exports[`Array of Variants > Generates correct output for array of variants > msdocs/scriptapi/TOC.yml 1`] = `
"  - name: exampleMember
    items:
    - name: exampleMember
      href: examplemember/examplemember.md
    - name: ClassWithArrayOfVariantsProperty
      href: examplemember/ClassWithArrayOfVariantsProperty.md
"
`;

exports[`Array of Variants > Generates correct output for array of variants > msdocs/scriptapi/examplemember/ClassWithArrayOfVariantsProperty.md 1`] = `
"---
# DO NOT TOUCH — This file was automatically generated by @minecraft/api-docs-generator, to report problems file an issue at https://github.com/Mojang/minecraft-scripting-libraries
author: jakeshirley
ms.author: jashir
ms.service: minecraft-bedrock-edition
ms.date: 02/10/2025
title: examplemember.ClassWithArrayOfVariantsProperty Class
description: Contents of the exampleMember.ClassWithArrayOfVariantsProperty class.
---
# ClassWithArrayOfVariantsProperty Class

## Properties

### **exampleMember**
\`exampleMember?: (boolean | string)[];\`

Type: (*boolean* | *string*)[]

Notes:
  - This property can't be used in read-only mode.
"
`;

exports[`Array of Variants > Generates correct output for array of variants > msdocs/scriptapi/examplemember/examplemember.md 1`] = `
"---
# DO NOT TOUCH — This file was automatically generated by @minecraft/api-docs-generator, to report problems file an issue at https://github.com/Mojang/minecraft-scripting-libraries
author: jakeshirley
ms.author: jashir
ms.service: minecraft-bedrock-edition
ms.date: 02/10/2025
title: examplemember Module
description: Contents of the exampleMember module
---
# \`exampleMember\` Module

## Manifest Details
\`\`\`json
{
    "module_name": "exampleMember",
    "version": "1.0.0"
}
\`\`\`
This is version 1.x.x of this module, which is the latest as of version 1.0.0 of Minecraft.

## Available Versions
- \`1.0.0\`

## Classes
- [ClassWithArrayOfVariantsProperty](ClassWithArrayOfVariantsProperty.md)
"
`;

exports[`Array of Variants > Generates correct output for array of variants > typescript/exampleMember@1.0.0.d.ts 1`] = `
"// Type definitions for Minecraft Bedrock Edition script APIs
// Project: https://docs.microsoft.com/minecraft/creator/
// Definitions by: Jake Shirley <https://github.com/JakeShirley>
//                 Mike Ammerlaan <https://github.com/mammerla>

/* *****************************************************************************
   Copyright (c) Microsoft Corporation.
   ***************************************************************************** */
/**
 * @packageDocumentation
 *
 * Manifest Details
 * \`\`\`json
 * {
 *   "module_name": "exampleMember",
 *   "version": "1.0.0"
 * }
 * \`\`\`
 *
 */
export class ClassWithArrayOfVariantsProperty {
    private constructor();
    /**
     * @remarks
     * This property can't be used in read-only mode.
     *
     */
    exampleMember?: (boolean | string)[];
}
"
`;
