// Vitest Snapshot v1, https://vitest.dev/guide/snapshot.html

exports[`Iterator > Properly generates iterator documentation and definitions > # Of Files Generated 1`] = `4`;

exports[`Iterator > Properly generates iterator documentation and definitions > msdocs/scriptapi/TOC.yml 1`] = `
"  - name: iterator
    items:
    - name: iterator
      href: iterator/iterator.md
    - name: ExampleIterator
      href: iterator/ExampleIterator.md
"
`;

exports[`Iterator > Properly generates iterator documentation and definitions > msdocs/scriptapi/iterator/ExampleIterator.md 1`] = `
"---
# DO NOT TOUCH — This file was automatically generated by @minecraft/api-docs-generator, to report problems file an issue at https://github.com/Mojang/minecraft-scripting-libraries
author: jakeshirley
ms.author: jashir
ms.service: minecraft-bedrock-edition
ms.date: 02/10/2025
title: iterator.ExampleIterator Class
description: Contents of the iterator.ExampleIterator class.
---
# ExampleIterator Class

## Implements
- Iterator&lt;*number*&gt;

## Methods
- [[Symbol.iterator]](#[symbol.iterator])
- [next](#next)

### **[Symbol.iterator]**
\`
[Symbol.iterator](): Iterator<number>
\`

**Returns** Iterator&lt;*number*&gt;
  
Notes:
- This function can't be called in read-only mode.

### **next**
\`
next(): IteratorResult<number>
\`

**Returns** IteratorResult&lt;*number*&gt;
  
Notes:
- This function can't be called in read-only mode.
"
`;

exports[`Iterator > Properly generates iterator documentation and definitions > msdocs/scriptapi/iterator/iterator.md 1`] = `
"---
# DO NOT TOUCH — This file was automatically generated by @minecraft/api-docs-generator, to report problems file an issue at https://github.com/Mojang/minecraft-scripting-libraries
author: jakeshirley
ms.author: jashir
ms.service: minecraft-bedrock-edition
ms.date: 02/10/2025
title: iterator Module
description: Contents of the iterator module
---
# \`iterator\` Module

## Manifest Details
\`\`\`json
{
    "module_name": "iterator",
    "version": "1.0.0"
}
\`\`\`
This is version 1.x.x of this module, which is the latest as of version 1.0.0 of Minecraft.

## Available Versions
- \`1.0.0\`

## Classes
- [ExampleIterator](ExampleIterator.md)
"
`;

exports[`Iterator > Properly generates iterator documentation and definitions > typescript/iterator@1.0.0.d.ts 1`] = `
"// Type definitions for Minecraft Bedrock Edition script APIs
// Project: https://docs.microsoft.com/minecraft/creator/
// Definitions by: Jake Shirley <https://github.com/JakeShirley>
//                 Mike Ammerlaan <https://github.com/mammerla>

/* *****************************************************************************
   Copyright (c) Microsoft Corporation.
   ***************************************************************************** */
/**
 * @packageDocumentation
 *
 * Manifest Details
 * \`\`\`json
 * {
 *   "module_name": "iterator",
 *   "version": "1.0.0"
 * }
 * \`\`\`
 *
 */
export class ExampleIterator implements Iterable<number> {
    private constructor();
    /**
     * @remarks
     * This function can't be called in read-only mode.
     *
     */
    [Symbol.iterator](): Iterator<number>;
    /**
     * @remarks
     * This function can't be called in read-only mode.
     *
     */
    next(): IteratorResult<number>;
}
"
`;
